// Jest Snapshot v1, https://goo.gl/fbAQLP

exports[`Image basic snapshot renders 1`] = `
.c0 {
  width: 30px;
  border-radius: 4px;
}

<img
  className="c0"
  src="../../commons/images/ARG.png"
/>
`;
